Microsoft Windows [Version 10.0.19043.1200]
(c) Корпорация Майкрософт (Microsoft Corporation). Все права защищены.

C:\Users\Admin>minikube start
* minikube v1.25.2 на Microsoft Windows 10 Pro 10.0.19043 Build 19043
  - MINIKUBE_HOME=F:\VB\minikube_profile
* Используется драйвер virtualbox на основе существующего профиля
* Запускается control plane узел minikube в кластере minikube
* Перезагружается существующий virtualbox VM для "minikube" ...
! This VM is having trouble accessing https://k8s.gcr.io
* To pull new external images, you may need to configure a proxy: https://minikube.sigs.k8s.io/docs/reference/networking/proxy/
* Подготавливается Kubernetes v1.23.3 на Docker 20.10.12 ...
  - kubelet.housekeeping-interval=5m
  - Используется образ gcr.io/k8s-minikube/storage-provisioner:v5
* Компоненты Kubernetes проверяются ...
* Включенные дополнения: storage-provisioner, default-storageclass
* Готово! kubectl настроен для использования кластера "minikube" и "default" пространства имён по умолчанию

C:\Users\Admin>minikube start
* minikube v1.25.2 на Microsoft Windows 10 Pro 10.0.19043 Build 19043
  - MINIKUBE_HOME=F:\VB\minikube_profile
* Используется драйвер virtualbox на основе существующего профиля
* Запускается control plane узел minikube в кластере minikube
* Обновляется работающий virtualbox "minikube" VM ...
* Подготавливается Kubernetes v1.23.3 на Docker 20.10.12 ...
  - kubelet.housekeeping-interval=5m
  - Используется образ gcr.io/k8s-minikube/storage-provisioner:v5
* Включенные дополнения: storage-provisioner, default-storageclass
* Компоненты Kubernetes проверяются ...
* Готово! kubectl настроен для использования кластера "minikube" и "default" пространства имён по умолчанию

C:\Users\Admin>kubectl cluster-info
Kubernetes control plane is running at https://192.168.59.101:8443
CoreDNS is running at https://192.168.59.101:8443/api/v1/namespaces/kube-system/services/kube-dns:dns/proxy

To further debug and diagnose cluster problems, use 'kubectl cluster-info dump'.

C:\Users\Admin>kubectl get nodes
NAME       STATUS   ROLES                  AGE     VERSION
minikube   Ready    control-plane,master   3d21h   v1.23.3

C:\Users\Admin>kubectl apply -f https://raw.githubusercontent.com/kubernetes/dashboard/v2.3.1/aio/deploy/recommended.yaml
namespace/kubernetes-dashboard created
serviceaccount/kubernetes-dashboard created
service/kubernetes-dashboard created
secret/kubernetes-dashboard-certs created
secret/kubernetes-dashboard-csrf created
secret/kubernetes-dashboard-key-holder created
configmap/kubernetes-dashboard-settings created
role.rbac.authorization.k8s.io/kubernetes-dashboard created
clusterrole.rbac.authorization.k8s.io/kubernetes-dashboard created
rolebinding.rbac.authorization.k8s.io/kubernetes-dashboard created
clusterrolebinding.rbac.authorization.k8s.io/kubernetes-dashboard created
deployment.apps/kubernetes-dashboard created
service/dashboard-metrics-scraper created
Warning: spec.template.metadata.annotations[seccomp.security.alpha.kubernetes.io/pod]: deprecated since v1.19, non-functional in v1.25+; use the "seccompProfile" field instead
deployment.apps/dashboard-metrics-scraper created

C:\Users\Admin>kubectl get pod -n kubernetes-dashboard
NAME                                         READY   STATUS              RESTARTS   AGE
dashboard-metrics-scraper-577dc49767-r7mps   0/1     ContainerCreating   0          7s
kubernetes-dashboard-78f9d9744f-n2x5n        1/1     Running             0          7s

C:\Users\Admin>kubectl get pod -n kubernetes-dashboard
NAME                                         READY   STATUS    RESTARTS   AGE
dashboard-metrics-scraper-577dc49767-r7mps   1/1     Running   0          26s
kubernetes-dashboard-78f9d9744f-n2x5n        1/1     Running   0          26s

C:\Users\Admin>kubectl get pod -n kubernetes-dashboard
NAME                                         READY   STATUS    RESTARTS   AGE
dashboard-metrics-scraper-577dc49767-r7mps   1/1     Running   0          29s
kubernetes-dashboard-78f9d9744f-n2x5n        1/1     Running   0          29s

C:\Users\Admin>kubectl apply -f https://github.com/kubernetes-sigs/metrics-server/releases/latest/download/components.yaml
serviceaccount/metrics-server created
clusterrole.rbac.authorization.k8s.io/system:aggregated-metrics-reader created
clusterrole.rbac.authorization.k8s.io/system:metrics-server created
rolebinding.rbac.authorization.k8s.io/metrics-server-auth-reader created
clusterrolebinding.rbac.authorization.k8s.io/metrics-server:system:auth-delegator created
clusterrolebinding.rbac.authorization.k8s.io/system:metrics-server created
service/metrics-server created
deployment.apps/metrics-server created
apiservice.apiregistration.k8s.io/v1beta1.metrics.k8s.io created

C:\Users\Admin>kubectl edit -n kube-system deployment metrics-server
error: deployments.apps "metrics-server" is invalid
deployment.apps/metrics-server edited

C:\Users\Admin>kubectl describe sa -n kube-system default
Name:                default
Namespace:           kube-system
Labels:              <none>
Annotations:         <none>
Image pull secrets:  <none>
Mountable secrets:   default-token-5gmgd
Tokens:              default-token-5gmgd
Events:              <none>

C:\Users\Admin>kubectl get secrets -n kube-system
NAME                                             TYPE                                  DATA   AGE
attachdetach-controller-token-dnl7v              kubernetes.io/service-account-token   3      3d21h
bootstrap-signer-token-gsxpn                     kubernetes.io/service-account-token   3      3d21h
certificate-controller-token-spvwv               kubernetes.io/service-account-token   3      3d21h
clusterrole-aggregation-controller-token-qjbt7   kubernetes.io/service-account-token   3      3d21h
coredns-token-p2hjf                              kubernetes.io/service-account-token   3      3d21h
cronjob-controller-token-nvv6v                   kubernetes.io/service-account-token   3      3d21h
daemon-set-controller-token-bhkd9                kubernetes.io/service-account-token   3      3d21h
default-token-5gmgd                              kubernetes.io/service-account-token   3      3d21h
deployment-controller-token-xmr8s                kubernetes.io/service-account-token   3      3d21h
disruption-controller-token-s6fqn                kubernetes.io/service-account-token   3      3d21h
endpoint-controller-token-9wj7d                  kubernetes.io/service-account-token   3      3d21h
endpointslice-controller-token-whp4s             kubernetes.io/service-account-token   3      3d21h
endpointslicemirroring-controller-token-ht5mf    kubernetes.io/service-account-token   3      3d21h
ephemeral-volume-controller-token-sq8pn          kubernetes.io/service-account-token   3      3d21h
expand-controller-token-fx94z                    kubernetes.io/service-account-token   3      3d21h
generic-garbage-collector-token-jzwbw            kubernetes.io/service-account-token   3      3d21h
horizontal-pod-autoscaler-token-s6k59            kubernetes.io/service-account-token   3      3d21h
job-controller-token-lggv5                       kubernetes.io/service-account-token   3      3d21h
kube-proxy-token-6m8l6                           kubernetes.io/service-account-token   3      3d21h
metrics-server-token-jq65k                       kubernetes.io/service-account-token   3      2m16s
namespace-controller-token-cqrnt                 kubernetes.io/service-account-token   3      3d21h
node-controller-token-slnhr                      kubernetes.io/service-account-token   3      3d21h
persistent-volume-binder-token-98pgd             kubernetes.io/service-account-token   3      3d21h
pod-garbage-collector-token-57mp8                kubernetes.io/service-account-token   3      3d21h
pv-protection-controller-token-tjvb7             kubernetes.io/service-account-token   3      3d21h
pvc-protection-controller-token-9nmv4            kubernetes.io/service-account-token   3      3d21h
replicaset-controller-token-7zvgd                kubernetes.io/service-account-token   3      3d21h
replication-controller-token-bnpr7               kubernetes.io/service-account-token   3      3d21h
resourcequota-controller-token-z9v8f             kubernetes.io/service-account-token   3      3d21h
root-ca-cert-publisher-token-krlgv               kubernetes.io/service-account-token   3      3d21h
service-account-controller-token-dj674           kubernetes.io/service-account-token   3      3d21h
service-controller-token-zmhvw                   kubernetes.io/service-account-token   3      3d21h
statefulset-controller-token-r6wrb               kubernetes.io/service-account-token   3      3d21h
storage-provisioner-token-qlkfn                  kubernetes.io/service-account-token   3      3d21h
token-cleaner-token-nlgs9                        kubernetes.io/service-account-token   3      3d21h
ttl-after-finished-controller-token-k87d6        kubernetes.io/service-account-token   3      3d21h
ttl-controller-token-k7dvm                       kubernetes.io/service-account-token   3      3d21h

C:\Users\Admin>kubectl get secrets -n kube-system default-token-5gmgd -o yaml
apiVersion: v1
data:
  ca.crt: LS0tLS1CRUdJTiBDRVJUSUZJQ0FURS0tLS0tCk1JSURCakNDQWU2Z0F3SUJBZ0lCQVRBTkJna3Foa2lHOXcwQkFRc0ZBREFWTVJNd0VRWURWUVFERXdwdGFXNXAKYTNWaVpVTkJNQjRYRFRJeU1ETXlNekU0TURVd01sb1hEVE15TURNeU1URTRNRFV3TWxvd0ZURVRNQkVHQTFVRQpBeE1LYldsdWFXdDFZbVZEUVRDQ0FTSXdEUVlKS29aSWh2Y05BUUVCQlFBRGdnRVBBRENDQVFvQ2dnRUJBS1lHCllRVUVTVTBuSW9zaU1JWGI0WWhMSDhRcUMyMGFxS2VVZkdBZ21GdlR2ZndTdHh3cWVMRUhvR2pHMk9BUEZTc0oKa1hvWFNUUXdqMHhuOXVzdkM1eEwwbTA1VlpmTUh4L2NpdXE0ZTNYcXdieVdPMjlKS0tKZ2ZZbmRLVkxIY0d4UQpyTE9tYmhZT3JBVDhzdWh4ckVCMXA4Q0lNUUt2UVFRMW5DZHA3N2lXaDlaUnFCbzlBUURxbDgrTE9saU56ZC80CmZON3hBSXJ2MUlVQ0JrVnZFZGRDanR2SlJWK2Zqb3k4SUQ1eHFIVDJMWjBmYnZHL3lvcUJQSEhOaVI1Z3VqUWwKV3RnOU9ENkhlUE9pMDJiOGoweThyQUE1cEhIcm9udlNYYWtUOWw1RnJ4NEdyZ09UY0ZlYWxyZ1FUVVl5UHk4cApoYUJVUVhvVWJRZUI3MTBNSng4Q0F3RUFBYU5oTUY4d0RnWURWUjBQQVFIL0JBUURBZ0trTUIwR0ExVWRKUVFXCk1CUUdDQ3NHQVFVRkJ3TUNCZ2dyQmdFRkJRY0RBVEFQQmdOVkhSTUJBZjhFQlRBREFRSC9NQjBHQTFVZERnUVcKQkJSeXltdEYxak16UjhPbnhhTE8yVmpDTVliMnNUQU5CZ2txaGtpRzl3MEJBUXNGQUFPQ0FRRUFCN3d5YzQzZApiL2lHNGd1bStUTTBOZUFPbUdIVkVxa1lhcU5JcWFTeHZwcE1ZMWxjWWFjVER4Q0FPZjJSZkE0YjNEeFJhWk11CkhwM25ZdWs0ZkIwYm1EMjZQdk02YUM3MnZybCtiOHF6eVVZNHhINHFGT3ZkY3J6TVlRS3IwTys2OWpzYmc2V3UKeHVJSUgxQ3kySm9hMjRWdEN5bnNLdjhKWVNhZmMyRWphU2lUMmhwQ3FUcC9RazhlVzZzTUhZa1ZMMFVFTzFoTQpHZWl6NGM2c2VyWnJtbWNtSkZoUjVieG9JN3NQUUhxU01RbHd6b3dkMUJqY3ovZUNyZDlnSWpjT1BYaXNOS1MvCmJQbFVkdDI2TjhpZ25qb3lUcC9lTXNDdnVad2xFcGJvclNMUnFzYngrVmlyZUo3SmhtRjRscHV3Wm9CdjBiZ0IKWHF5ZHU3S3RWS0NLckE9PQotLS0tLUVORCBDRVJUSUZJQ0FURS0tLS0tCg==
  namespace: a3ViZS1zeXN0ZW0=
  token: ZXlKaGJHY2lPaUpTVXpJMU5pSXNJbXRwWkNJNklteDFTVWN0WkRnMWRHdGxOazl1Y0VGSFFrVndaWFpQTFhab2IxaExYM2RtVm5wWmQyNDBlazVtVGpnaWZRLmV5SnBjM01pT2lKcmRXSmxjbTVsZEdWekwzTmxjblpwWTJWaFkyTnZkVzUwSWl3aWEzVmlaWEp1WlhSbGN5NXBieTl6WlhKMmFXTmxZV05qYjNWdWRDOXVZVzFsYzNCaFkyVWlPaUpyZFdKbExYTjVjM1JsYlNJc0ltdDFZbVZ5Ym1WMFpYTXVhVzh2YzJWeWRtbGpaV0ZqWTI5MWJuUXZjMlZqY21WMExtNWhiV1VpT2lKa1pXWmhkV3gwTFhSdmEyVnVMVFZuYldka0lpd2lhM1ZpWlhKdVpYUmxjeTVwYnk5elpYSjJhV05sWVdOamIzVnVkQzl6WlhKMmFXTmxMV0ZqWTI5MWJuUXVibUZ0WlNJNkltUmxabUYxYkhRaUxDSnJkV0psY201bGRHVnpMbWx2TDNObGNuWnBZMlZoWTJOdmRXNTBMM05sY25acFkyVXRZV05qYjNWdWRDNTFhV1FpT2lJMU5tWmlZV1poTVMwd1l6YzVMVFE1TkRVdFlXVm1OQzFoWlRjNU9EWTVOVGMxTVRBaUxDSnpkV0lpT2lKemVYTjBaVzA2YzJWeWRtbGpaV0ZqWTI5MWJuUTZhM1ZpWlMxemVYTjBaVzA2WkdWbVlYVnNkQ0o5LnV6UjNRM01HMzBiMlVHODVkN0R1elM3RFVBVWRBU1dvVXhOSEJSSU5GN3NVYVd6M2RpNGcyWHFWVXpxVm1NNWtINUdmTEVicHM4RXg2ZUxIZkZDQTY2MDZnbmdZX3NHRmdfTHlReDVZWnlJQVF0Nmw3bkd1MzdGaVpCbVZLQmVnQXcxYWtqZmx0Snl4SFpQdGN3RE14LWpvRXNWRm1Cc0p1cEVEeG5rbXNuQWp6VGhLcERmekdjUmd0SkVpSFFZMVR1bmhvUkI3NEQtNG1CRzVURmczTzNEY3dDZlhYV1JOSjhLMHJidW83eW9VbDBveG90UXR5Si1rakZmdXo0aVZLY2N2cEw4NXltUU1faUh3THFNOXZJM25ub1ZYZ3hhZXUyUU1KemMxLXZKRTVMZUo1UVVtRW5DQ3BDV0lpYm5HZXEzNHZ1Tnc2OTE1QUxxY1gwV2FWQQ==
kind: Secret
metadata:
  annotations:
    kubernetes.io/service-account.name: default
    kubernetes.io/service-account.uid: 56fbafa1-0c79-4945-aef4-ae7986957510
  creationTimestamp: "2022-03-24T18:25:52Z"
  name: default-token-5gmgd
  namespace: kube-system
  resourceVersion: "440"
  uid: b04efc07-962b-4205-93bf-73d86c4eb935
type: kubernetes.io/service-account-token

C:\Users\Admin>kubectl proxy
Starting to serve on 127.0.0.1:8001
