PS C:\Users\Admin\desktop\3> kubectl apply -f pv.yaml
persistentvolume/minio-deployment-pv created
PS C:\Users\Admin\desktop\3> kubectl get pv
NAME                  CAPACITY   ACCESS MODES   RECLAIM POLICY   STATUS      CLAIM   STORAGECLASS   REASON   AGE
minio-deployment-pv   5Gi        RWO            Retain           Available                                   7s
PS C:\Users\Admin\desktop\3> kubectl apply -f pvc.yaml
persistentvolumeclaim/minio-deployment-claim created
PS C:\Users\Admin\desktop\3> kubectl get pv
NAME                  CAPACITY   ACCESS MODES   RECLAIM POLICY   STATUS   CLAIM                            STORAGECLASS   REASON   AGE
minio-deployment-pv   5Gi        RWO            Retain           Bound    default/minio-deployment-claim                           24s
PS C:\Users\Admin\desktop\3> kubectl apply -f deployment.yaml
deployment.apps/minio created
PS C:\Users\Admin\desktop\3> kubectl apply -f minio-nodeport.yaml
service/minio-app created
PS C:\Users\Admin\desktop\3> kubectl apply -f statefulset.yaml
statefulset.apps/minio-state created
service/minio-state created
PS C:\Users\Admin\desktop\3> kubectl get pod
NAME                    READY   STATUS              RESTARTS   AGE
minio-94fd47554-vwwpg   1/1     Running             0          2m16s
minio-state-0           0/1     ContainerCreating   0          5s
nginx                   1/1     Running             0          51m
web-6745ffd5c8-2nfnl    1/1     Running             0          30m
web-6745ffd5c8-g4wp5    1/1     Running             0          48m
web-6745ffd5c8-xvb7v    1/1     Running             0          48m
PS C:\Users\Admin\desktop\3> kubectl get sts
NAME          READY   AGE
minio-state   1/1     9s
PS C:\Users\Admin\desktop\3> kubectl apply -f ingress.yaml
ingress.networking.k8s.io/ingress-web created

PS C:\Users\Admin\desktop\3> kubectl apply -f pv.yaml
persistentvolume/minio-deployment-pv unchanged
PS C:\Users\Admin\desktop\3> kubectl get pv
NAME                                       CAPACITY   ACCESS MODES   RECLAIM POLICY   STATUS   CLAIM                            STORAGECLASS   REASON   AGE
minio-deployment-pv                        5Gi        RWO            Retain           Bound    default/minio-deployment-claim                           15m
pvc-bbc1014e-54ae-400f-9311-162f47ffa378   1Gi        RWO            Delete           Bound    default/minio-minio-state-0      standard                12m
PS C:\Users\Admin\desktop\3> kubectl apply -f pvc.yaml
persistentvolumeclaim/minio-deployment-claim unchanged
PS C:\Users\Admin\desktop\3> kubectl apply -f deployment.yaml
deployment.apps/minio created
PS C:\Users\Admin\desktop\3> kubectl apply -f minio-nodeport.yaml
service/minio-app created
PS C:\Users\Admin\desktop\3> kubectl apply -f statefulset.yaml
statefulset.apps/minio-state configured
service/minio-state created
PS C:\Users\Admin\desktop\3> kubectl get pod
NAME                    READY   STATUS    RESTARTS   AGE
minio-94fd47554-xq75z   1/1     Running   0          16s
minio-state-0           1/1     Running   0          83s
nginx                   1/1     Running   0          64m
PS C:\Users\Admin\desktop\3> kubectl get sts
NAME          READY   AGE
minio-state   1/1     13m
PS C:\Users\Admin\desktop\3> kubectl apply -f home-ingress.yaml
ingress.networking.k8s.io/ingress-web created
PS C:\Users\Admin\desktop\3> kubectl apply -f nginx.yaml
deployment.apps/minio configured
PS C:\Users\Admin\desktop\3> kubectl apply -f home-ingress.yaml
ingress.networking.k8s.io/ingress-web configured
PS C:\Users\Admin\desktop\3> kubectl apply -f service.yaml
service/minio created
service/minioweb created
PS C:\Users\Admin\desktop\3> kubectl apply -f home-ingress.yaml
ingress.networking.k8s.io/ingress-web created
PS C:\Users\Admin\desktop\3> kubectl apply -f nginx.yaml
deployment.apps/minio unchanged
PS C:\Users\Admin\desktop\3> kubectl apply -f service.yaml
service/minio created
service/minioweb created

C:\Users\Admin\Desktop\epam_hw-main\kuber\3>kubectl get pod -o wide
NAME                    READY   STATUS    RESTARTS   AGE    IP           NODE       NOMINATED NODE   READINESS GATES
minio-94fd47554-xq75z   1/1     Running   0          70s
minio-state-0           1/1     Running   0          150s
nginx                   1/1     Running   0          67m

C:\Users\Admin\Desktop\epam_hw-main\kuber\3>kubectl exec -it minio-94fd47554-xq75z
error: you must specify at least one command for the container

C:\Users\Admin\Desktop\epam_hw-main\kuber\3>kubectl exec -it minio-94fd47554-xq75z bash
kubectl exec [POD] [COMMAND] is DEPRECATED and will be removed in a future version. Use kubectl exec [POD] -- [COMMAND] instead.
Defaulted container "minio" out of: minio, nginx
[root@minio-94fd47554-xq75z /]# cd blablabla
[root@minio-94fd47554-xq75z blablabla]# ls -la
total 8
drwxrwxrwx 2 root root 4096 Apr  3 15:39 .
drwxr-xr-x 1 root root 4096 Apr  3 15:39 ..
[root@minio-94fd47554-xq75z blablabla]# echo privet > privet.txt
[root@minio-94fd47554-xq75z blablabla]# ls -la
total 12
drwxrwxrwx 2 root root 4096 Apr  3 15:44 .
drwxr-xr-x 1 root root 4096 Apr  3 15:39 ..
-rw-r--r-- 1 root root    7 Apr  3 15:44 privet.txt
[root@minio-94fd47554-xq75z blablabla]# cat privet.txt
privet
[root@minio-94fd47554-xq75z blablabla]# kill nginx
bash: kill: nginx: arguments must be process or job IDs

[root@minio-94fd47554-xq75z blablabla]# kill 1
[root@minio-94fd47554-xq75z blablabla]# command terminated with exit code 137

C:\Users\Admin\Desktop\epam_hw-main\kuber\3>kubectl get pod -o wide
NAME                    READY   STATUS    RESTARTS     AGE     IP           NODE       NOMINATED NODE   READINESS GATES
minio-94fd47554-xq75z   2/2     Running   1 (8s ago)   6m41s   172.17.0.5   minikube   <none>           <none>
minio-state-0           1/1     Running   0            4m     172.17.0.4   minikube   <none>           <none>

C:\Users\Admin\Desktop\epam_hw-main\kuber\3>kubectl exec -it minio-94fd47554-xq75z bash
kubectl exec [POD] [COMMAND] is DEPRECATED and will be removed in a future version. Use kubectl exec [POD] -- [COMMAND] instead.
Defaulted container "minio" out of: minio, nginx
[root@minio-94fd47554-xq75z /]# cat blablabla/privet.txt
privet
[root@minio-94fd47554-xq75z /]# exit
exit

C:\Users\Admin\Desktop\epam_hw-main\kuber\3>kubectl deletepod  minio-94fd47554-xq75z
E0403 18:47:38.833143   10196 run.go:120] "command failed" err="unknown command \"deletepod\" for \"kubectl\""

C:\Users\Admin\Desktop\epam_hw-main\kuber\3>kubectl delete pod  minio-94fd47554-xq75z
pod "minio-94fd47554-xq75z" deleted

C:\Users\Admin\Desktop\epam_hw-main\kuber\3>kubectl get pod -o wide
NAME                    READY   STATUS              RESTARTS   AGE   IP           NODE       NOMINATED NODE   READINESS GATES
minio-d79bcf688-s76b8   0/2     ContainerCreating   0          6s    <none>       minikube   <none>           <none>
minio-state-0           1/1     Running             0          32m   172.17.0.4   minikube   <none>           <none>

C:\Users\Admin\Desktop\epam_hw-main\kuber\3>kubectl exec -it minio-d79bcf688-s76b8 bash
kubectl exec [POD] [COMMAND] is DEPRECATED and will be removed in a future version. Use kubectl exec [POD] -- [COMMAND] instead.
Defaulted container "minio" out of: minio, nginx
[root@minio-d79bcf688-s76b8 /]# cat cat blablabla/privet.txt
cat: cat: No such file or directory
cat: blablabla/privet.txt: No such file or directory
[root@minio-d79bcf688-s76b8 /]#
