PS C:\Users\Admin\desktop\4> F:\VB\OpenSSL-Win64\bin\openssl genrsa -out deploy_view.key 2048

PS C:\Users\Admin\desktop\4> F:\VB\OpenSSL-Win64\bin\openssl req -new -key deploy_view.key -out deploy_view.csr -subj "/CN=deploy_view"

PS C:\Users\Admin\desktop\4> F:\VB\OpenSSL-Win64\bin\openssl x509 -req -in deploy_view.csr -CA F:\VB\minikube_profile\.minikube\ca.crt -CAkey F:\VB\minikube_profile\.minikube\ca.key -CAcreateserial -out deploy_view.crt -days 500
Certificate request self-signature ok
subject=CN = deploy_view

PS C:\Users\Admin\desktop\4> kubectl config set-credentials deploy_view --client-certificate=deploy_view.crt --client-key=deploy_view.key
User "deploy_view" set.

PS C:\Users\Admin\desktop\4> kubectl config set-context deploy_view --cluster=minikube --user=deploy_view
Context "deploy_view" created.

PS C:\Users\Admin\desktop\4> kubectl config use-context deploy_view
Switched to context "deploy_view".

PS C:\Users\Admin\desktop\4> kubectl get node
Error from server (Forbidden): nodes is forbidden: User "deploy_view" cannot list resource "nodes" in API group "" at the cluster scope

PS C:\Users\Admin\desktop\4> kubectl config use-context minikube
Switched to context "minikube".

PS C:\Users\Admin\desktop\4> kubectl apply -f dep_view.yaml
clusterrole.rbac.authorization.k8s.io/deploy_view created
clusterrolebinding.rbac.authorization.k8s.io/deploy_view created
clusterrole.rbac.authorization.k8s.io/deploy_edit created
clusterrolebinding.rbac.authorization.k8s.io/deploy_edit created

PS C:\Users\Admin\desktop\4> kubectl get node
NAME       STATUS   ROLES                  AGE   VERSION
minikube   Ready    control-plane,master   4d    v1.23.3





PS C:\Users\Admin\desktop\4> kubectl create namespace prod
namespace/prod created

PS C:\Users\Admin\desktop\4> F:\VB\OpenSSL-Win64\bin\openssl genrsa -out prod_admin.key 2048

PS C:\Users\Admin\desktop\4> F:\VB\OpenSSL-Win64\bin\openssl req -new -key prod_admin.key -out prod_admin.csr -subj "/CN=prod_admin"

PS C:\Users\Admin\desktop\4> F:\VB\OpenSSL-Win64\bin\openssl x509 -req -in prod_admin.csr -CA F:\VB\minikube_profile\.minikube\ca.crt -CAkey F:\VB\minikube_profile\.minikube\ca.key -CAcreateserial -out prod_admin.crt -days 500
Certificate request self-signature ok
subject=CN = prod_admin

PS C:\Users\Admin\desktop\4> kubectl config set-credentials prod_admin --client-certificate=prod_admin.crt --client-key=prod_admin.key
User "prod_admin" set.

PS C:\Users\Admin\desktop\4> kubectl config set-context prod_admin --cluster=minikube --user=prod_admin
Context "prod_admin" created.

PS C:\Users\Admin\desktop\4> kubectl config use-context prod_admin
Switched to context "prod_admin".

PS C:\Users\Admin\desktop\4> kubectl get node
Error from server (Forbidden): nodes is forbidden: User "prod_admin" cannot list resource "nodes" in API group "" at the cluster scope

PS C:\Users\Admin\desktop\4> kubectl config use-context minikube
Switched to context "minikube".

PS C:\Users\Admin\desktop\4> kubectl apply -f prod.yaml
rolebinding.rbac.authorization.k8s.io/view created
rolebinding.rbac.authorization.k8s.io/prod created

PS C:\Users\Admin\desktop\4> kubectl get node
NAME       STATUS   ROLES                  AGE    VERSION
minikube   Ready    control-plane,master   4d1h   v1.23.3






PS C:\Users\Admin\desktop\4> kubectl auth can-i get pods --as=system:serviceaccount:default:sa-namespace-admin
no
PS C:\Users\Admin\desktop\4> kubectl auth can-i get pods --as=system:serviceaccount:prod:sa-namespace-admin
no
PS C:\Users\Admin\desktop\4> kubectl apply -f service.yaml
serviceaccount/sa-namespace-admin created
rolebinding.rbac.authorization.k8s.io/sa-namespace-admin created
PS C:\Users\Admin\desktop\4> kubectl auth can-i get pods --as=system:serviceaccount:default:sa-namespace-admin
yes
PS C:\Users\Admin\desktop\4> kubectl auth can-i get pods --as=system:serviceaccount:prod:sa-namespace-admin
no
